// Jest Snapshot v1, https://goo.gl/fbAQLP

exports[`Error Screen should render ErrorScreen correctly 1`] = `
<View
  style={
    Object {
      "alignItems": "center",
      "height": "90%",
      "justifyContent": "center",
    }
  }
>
  <Text
    style={
      Object {
        "fontSize": 24,
        "textAlign": "center",
      }
    }
    testID="error-text"
  >
    Something went wrong at our end
  </Text>
  <View
    accessibilityRole="button"
    accessibilityState={Object {}}
    accessible={true}
    focusable={false}
    onClick={[Function]}
    onResponderGrant={[Function]}
    onResponderMove={[Function]}
    onResponderRelease={[Function]}
    onResponderTerminate={[Function]}
    onResponderTerminationRequest={[Function]}
    onStartShouldSetResponder={[Function]}
    style={
      Object {
        "opacity": 1,
      }
    }
    testID="button-retry"
  >
    <View
      style={
        Array [
          Object {},
        ]
      }
    >
      <Text
        style={
          Array [
            Object {
              "color": "#007AFF",
              "fontSize": 18,
              "margin": 8,
              "textAlign": "center",
            },
          ]
        }
      >
        Retry
      </Text>
    </View>
  </View>
</View>
`;

exports[`Login Form renders correctly 1`] = `
<View
  style={
    Object {
      "alignItems": "center",
      "height": "90%",
      "justifyContent": "center",
    }
  }
>
  <Text
    style={
      Object {
        "fontSize": 24,
        "textAlign": "center",
      }
    }
    testID="error-text"
  >
    Something went wrong at our end
  </Text>
  <View
    accessibilityRole="button"
    accessibilityState={Object {}}
    accessible={true}
    focusable={false}
    onClick={[Function]}
    onResponderGrant={[Function]}
    onResponderMove={[Function]}
    onResponderRelease={[Function]}
    onResponderTerminate={[Function]}
    onResponderTerminationRequest={[Function]}
    onStartShouldSetResponder={[Function]}
    style={
      Object {
        "opacity": 1,
      }
    }
    testID="button-retry"
  >
    <View
      style={
        Array [
          Object {},
        ]
      }
    >
      <Text
        style={
          Array [
            Object {
              "color": "#007AFF",
              "fontSize": 18,
              "margin": 8,
              "textAlign": "center",
            },
          ]
        }
      >
        Retry
      </Text>
    </View>
  </View>
</View>
`;
